###############################################################################
#
# IAR ELF Linker V8.30.1.114/W32 for ARM                  29/Aug/2018  21:36:20
# Copyright 2007-2018 IAR Systems AB.
#
#    Output file  =  
#        C:\Users\Alexandre\Documents\Git_Embedded\STM32f1\Interrupts\EWARM\Debug\Exe\Interrupt.out
#    Map file     =  
#        C:\Users\Alexandre\Documents\Git_Embedded\STM32f1\Interrupts\EWARM\Debug\List\Interrupt.map
#    Command line =  
#        -f C:\Users\ALEXAN~1\AppData\Local\Temp\EW8B46.tmp
#        (C:\Users\Alexandre\Documents\Git_Embedded\STM32f1\Interrupts\EWARM\Debug\Obj\core_cm3.o
#        C:\Users\Alexandre\Documents\Git_Embedded\STM32f1\Interrupts\EWARM\Debug\Obj\main.o
#        C:\Users\Alexandre\Documents\Git_Embedded\STM32f1\Interrupts\EWARM\Debug\Obj\misc.o
#        C:\Users\Alexandre\Documents\Git_Embedded\STM32f1\Interrupts\EWARM\Debug\Obj\startup_stm32f10x_cl.o
#        C:\Users\Alexandre\Documents\Git_Embedded\STM32f1\Interrupts\EWARM\Debug\Obj\stm32f10x_gpio.o
#        C:\Users\Alexandre\Documents\Git_Embedded\STM32f1\Interrupts\EWARM\Debug\Obj\stm32f10x_rcc.o
#        C:\Users\Alexandre\Documents\Git_Embedded\STM32f1\Interrupts\EWARM\Debug\Obj\stm32f10x_tim.o
#        C:\Users\Alexandre\Documents\Git_Embedded\STM32f1\Interrupts\EWARM\Debug\Obj\system_stm32f10x.o
#        --no_out_extension -o
#        C:\Users\Alexandre\Documents\Git_Embedded\STM32f1\Interrupts\EWARM\Debug\Exe\Interrupt.out
#        --redirect _Printf=_PrintfFullNoMb --redirect _Scanf=_ScanfFullNoMb
#        --map
#        C:\Users\Alexandre\Documents\Git_Embedded\STM32f1\Interrupts\EWARM\Debug\List\Interrupt.map
#        --config
#        C:\Users\Alexandre\Documents\Git_Embedded\STM32f1\Interrupts\EWARM/settings/stm32f103x8.icf
#        --semihosting --entry __iar_program_start --vfe --text_out locale)
#
###############################################################################

*******************************************************************************
*** RUNTIME MODEL ATTRIBUTES
***

CppFlavor       = *
__SystemLibrary = DLib
__dlib_version  = 6


*******************************************************************************
*** HEAP SELECTION
***

The basic heap was selected because some modules are built with
size limitations (and not runtime checking), and --advanced_heap
was not specified.


*******************************************************************************
*** PLACEMENT SUMMARY
***

"A0":  place at 0x800'0000 { ro section .intvec };
"P1":  place in [from 0x800'0000 to 0x800'ffff] { ro };
define block CSTACK with size = 2K, alignment = 8 { };
define block HEAP with size = 2K, alignment = 8 { };
"P2":  place in [from 0x2000'0000 to 0x2000'4fff] {
          rw, block CSTACK, block HEAP };
initialize by copy { rw };

  Section            Kind         Address   Size  Object
  -------            ----         -------   ----  ------
"A0":                                      0x150
  .intvec            ro code   0x800'0000  0x150  startup_stm32f10x_cl.o [1]
                             - 0x800'0150  0x150

"P1":                                      0x654
  .text              ro code   0x800'0150  0x110  stm32f10x_tim.o [1]
  .text              ro code   0x800'0260  0x100  system_stm32f10x.o [1]
  .text              ro code   0x800'0360   0xd8  main.o [1]
  .text              ro code   0x800'0438   0x80  misc.o [1]
  .text              ro code   0x800'04b8   0x40  stm32f10x_rcc.o [1]
  .text              ro code   0x800'04f8   0xc6  stm32f10x_gpio.o [1]
  .text              ro code   0x800'05be   0x2c  copy_init3.o [3]
  .text              ro code   0x800'05ec   0x28  data_init.o [3]
  .iar.init_table    const     0x800'0614   0x14  - Linker created -
  .text              ro code   0x800'0628   0x1e  cmain.o [3]
  .text              ro code   0x800'0646    0x4  low_level_init.o [2]
  .text              ro code   0x800'064a    0x4  exit.o [2]
  .text              ro code   0x800'0650    0xa  cexit.o [3]
  .text              ro code   0x800'065c   0x14  exit.o [4]
  .text              ro code   0x800'0670   0x10  startup_stm32f10x_cl.o [1]
  .text              ro code   0x800'0680    0xc  cstartup_M.o [3]
  .text              ro code   0x800'068c    0x4  startup_stm32f10x_cl.o [1]
  .text              ro code   0x800'0690    0x4  startup_stm32f10x_cl.o [1]
  .text              ro code   0x800'0694    0x4  startup_stm32f10x_cl.o [1]
  .text              ro code   0x800'0698    0x4  startup_stm32f10x_cl.o [1]
  .text              ro code   0x800'069c    0x4  startup_stm32f10x_cl.o [1]
  .text              ro code   0x800'06a0    0x4  startup_stm32f10x_cl.o [1]
  .text              ro code   0x800'06a4    0x4  startup_stm32f10x_cl.o [1]
  .text              ro code   0x800'06a8    0x4  startup_stm32f10x_cl.o [1]
  .text              ro code   0x800'06ac    0x4  startup_stm32f10x_cl.o [1]
  .text              ro code   0x800'06b0    0x4  startup_stm32f10x_cl.o [1]
  .text              ro code   0x800'06b4    0x4  startup_stm32f10x_cl.o [1]
  .text              ro code   0x800'06b8    0x4  startup_stm32f10x_cl.o [1]
  .text              ro code   0x800'06bc    0x4  startup_stm32f10x_cl.o [1]
  .text              ro code   0x800'06c0    0x4  startup_stm32f10x_cl.o [1]
  .text              ro code   0x800'06c4    0x4  startup_stm32f10x_cl.o [1]
  .text              ro code   0x800'06c8    0x4  startup_stm32f10x_cl.o [1]
  .text              ro code   0x800'06cc    0x4  startup_stm32f10x_cl.o [1]
  .text              ro code   0x800'06d0    0x4  startup_stm32f10x_cl.o [1]
  .text              ro code   0x800'06d4    0x4  startup_stm32f10x_cl.o [1]
  .text              ro code   0x800'06d8    0x4  startup_stm32f10x_cl.o [1]
  .text              ro code   0x800'06dc    0x4  startup_stm32f10x_cl.o [1]
  .text              ro code   0x800'06e0    0x4  startup_stm32f10x_cl.o [1]
  .text              ro code   0x800'06e4    0x4  startup_stm32f10x_cl.o [1]
  .text              ro code   0x800'06e8    0x4  startup_stm32f10x_cl.o [1]
  .text              ro code   0x800'06ec    0x4  startup_stm32f10x_cl.o [1]
  .text              ro code   0x800'06f0    0x4  startup_stm32f10x_cl.o [1]
  .text              ro code   0x800'06f4    0x4  startup_stm32f10x_cl.o [1]
  .text              ro code   0x800'06f8    0x4  startup_stm32f10x_cl.o [1]
  .text              ro code   0x800'06fc    0x4  startup_stm32f10x_cl.o [1]
  .text              ro code   0x800'0700    0x4  startup_stm32f10x_cl.o [1]
  .text              ro code   0x800'0704    0x4  startup_stm32f10x_cl.o [1]
  .text              ro code   0x800'0708    0x4  startup_stm32f10x_cl.o [1]
  .text              ro code   0x800'070c    0x4  startup_stm32f10x_cl.o [1]
  .text              ro code   0x800'0710    0x4  startup_stm32f10x_cl.o [1]
  .text              ro code   0x800'0714    0x4  startup_stm32f10x_cl.o [1]
  .text              ro code   0x800'0718    0x4  startup_stm32f10x_cl.o [1]
  .text              ro code   0x800'071c    0x4  startup_stm32f10x_cl.o [1]
  .text              ro code   0x800'0720    0x4  startup_stm32f10x_cl.o [1]
  .text              ro code   0x800'0724    0x4  startup_stm32f10x_cl.o [1]
  .text              ro code   0x800'0728    0x4  startup_stm32f10x_cl.o [1]
  .text              ro code   0x800'072c    0x4  startup_stm32f10x_cl.o [1]
  .text              ro code   0x800'0730    0x4  startup_stm32f10x_cl.o [1]
  .text              ro code   0x800'0734    0x4  startup_stm32f10x_cl.o [1]
  .text              ro code   0x800'0738    0x4  startup_stm32f10x_cl.o [1]
  .text              ro code   0x800'073c    0x4  startup_stm32f10x_cl.o [1]
  .text              ro code   0x800'0740    0x4  startup_stm32f10x_cl.o [1]
  .text              ro code   0x800'0744    0x4  startup_stm32f10x_cl.o [1]
  .text              ro code   0x800'0748    0x4  startup_stm32f10x_cl.o [1]
  .text              ro code   0x800'074c    0x4  startup_stm32f10x_cl.o [1]
  .text              ro code   0x800'0750    0x4  startup_stm32f10x_cl.o [1]
  .text              ro code   0x800'0754    0x4  startup_stm32f10x_cl.o [1]
  .text              ro code   0x800'0758    0x4  startup_stm32f10x_cl.o [1]
  .text              ro code   0x800'075c    0x4  startup_stm32f10x_cl.o [1]
  .text              ro code   0x800'0760    0x4  startup_stm32f10x_cl.o [1]
  .text              ro code   0x800'0764    0x4  startup_stm32f10x_cl.o [1]
  .text              ro code   0x800'0768    0x4  startup_stm32f10x_cl.o [1]
  .text              ro code   0x800'076c    0x4  startup_stm32f10x_cl.o [1]
  .text              ro code   0x800'0770    0x4  startup_stm32f10x_cl.o [1]
  .text              ro code   0x800'0774    0x4  startup_stm32f10x_cl.o [1]
  .text              ro code   0x800'0778    0x4  startup_stm32f10x_cl.o [1]
  .text              ro code   0x800'077c    0x4  startup_stm32f10x_cl.o [1]
  .text              ro code   0x800'0780    0x4  startup_stm32f10x_cl.o [1]
  .text              ro code   0x800'0784    0x4  startup_stm32f10x_cl.o [1]
  .text              ro code   0x800'0788    0x4  startup_stm32f10x_cl.o [1]
  .text              ro code   0x800'078c    0x4  startup_stm32f10x_cl.o [1]
  .text              ro code   0x800'0790    0x4  startup_stm32f10x_cl.o [1]
  .text              ro code   0x800'0794    0x4  startup_stm32f10x_cl.o [1]
  .text              ro code   0x800'0798    0x4  startup_stm32f10x_cl.o [1]
  .text              ro code   0x800'079c    0x4  startup_stm32f10x_cl.o [1]
  Initializer bytes  const     0x800'07a0    0x4  <for P2-1>
  .rodata            const     0x800'07a4    0x0  copy_init3.o [3]
                             - 0x800'07a4  0x654

"P2", part 1 of 2:                           0x4
  P2-1                        0x2000'0000    0x4  <Init block>
    .data            inited   0x2000'0000    0x4  system_stm32f10x.o [1]
                            - 0x2000'0004    0x4

"P2", part 2 of 2:                         0x800
  CSTACK                      0x2000'0008  0x800  <Block>
    CSTACK           uninit   0x2000'0008  0x800  <Block tail>
                            - 0x2000'0808  0x800

Unused ranges:

         From           To    Size
         ----           --    ----
   0x800'07a4   0x800'ffff  0xf85c
  0x2000'0004  0x2000'0007     0x4
  0x2000'0808  0x2000'4fff  0x47f8


*******************************************************************************
*** INIT TABLE
***

          Address      Size
          -------      ----
Copy (__iar_copy_init3)
    1 source range, total size 0x4:
           0x800'07a0   0x4
    1 destination range, total size 0x4:
          0x2000'0000   0x4



*******************************************************************************
*** MODULE SUMMARY
***

    Module                  ro code  ro data  rw data
    ------                  -------  -------  -------
command line/config:
    -------------------------------------------------
    Total:

C:\Users\Alexandre\Documents\Git_Embedded\STM32f1\Interrupts\EWARM\Debug\Obj: [1]
    main.o                      216
    misc.o                      128
    startup_stm32f10x_cl.o      628
    stm32f10x_gpio.o            198
    stm32f10x_rcc.o              64
    stm32f10x_tim.o             272
    system_stm32f10x.o          256        4        4
    -------------------------------------------------
    Total:                    1 762        4        4

dl7M_tln.a: [2]
    exit.o                        4
    low_level_init.o              4
    -------------------------------------------------
    Total:                        8

rt7M_tl.a: [3]
    cexit.o                      10
    cmain.o                      30
    copy_init3.o                 44
    cstartup_M.o                 12
    data_init.o                  40
    -------------------------------------------------
    Total:                      136

shb_l.a: [4]
    exit.o                       20
    -------------------------------------------------
    Total:                       20

    Gaps                          6
    Linker created                        20    2 048
-----------------------------------------------------
    Grand Total:              1 932       24    2 052


*******************************************************************************
*** ENTRY LIST
***

Entry                       Address  Size  Type      Object
-----                       -------  ----  ----      ------
.iar.init_table$$Base    0x800'0614         --   Gb  - Linker created -
.iar.init_table$$Limit   0x800'0628         --   Gb  - Linker created -
?main                    0x800'0629        Code  Gb  cmain.o [3]
CSTACK$$Base            0x2000'0008         --   Gb  - Linker created -
CSTACK$$Limit           0x2000'0808         --   Gb  - Linker created -
GPIO_Init                0x800'04f9  0xc0  Code  Gb  stm32f10x_gpio.o [1]
GPIO_ResetBits           0x800'05b9   0x6  Code  Gb  stm32f10x_gpio.o [1]
NVIC_Init                0x800'0443  0x60  Code  Gb  misc.o [1]
NVIC_PriorityGroupConfig
                         0x800'0439   0xa  Code  Gb  misc.o [1]
RCC_APB1PeriphClockCmd   0x800'04d5  0x1c  Code  Gb  stm32f10x_rcc.o [1]
RCC_APB2PeriphClockCmd   0x800'04b9  0x1c  Code  Gb  stm32f10x_rcc.o [1]
Region$$Table$$Base      0x800'0614         --   Gb  - Linker created -
Region$$Table$$Limit     0x800'0628         --   Gb  - Linker created -
SetSysClock              0x800'02ab   0x8  Code  Lc  system_stm32f10x.o [1]
SetSysClockTo24          0x800'02b3  0x90  Code  Lc  system_stm32f10x.o [1]
SystemCoreClock         0x2000'0000   0x4  Data  Gb  system_stm32f10x.o [1]
SystemInit               0x800'0261  0x4a  Code  Gb  system_stm32f10x.o [1]
TIM2_IRQHandler          0x800'0411  0x18  Code  Gb  main.o [1]
TIM_ClearITPendingBit    0x800'022f   0x8  Code  Gb  stm32f10x_tim.o [1]
TIM_Cmd                  0x800'01fb  0x1c  Code  Gb  stm32f10x_tim.o [1]
TIM_ITConfig             0x800'0217  0x18  Code  Gb  stm32f10x_tim.o [1]
TIM_TimeBaseInit         0x800'0151  0x92  Code  Gb  stm32f10x_tim.o [1]
TIM_TimeBaseStructInit   0x800'01e3  0x18  Code  Gb  stm32f10x_tim.o [1]
__cmain                  0x800'0629        Code  Gb  cmain.o [3]
__exit                   0x800'065d  0x14  Code  Gb  exit.o [4]
__iar_copy_init3         0x800'05bf  0x2c  Code  Gb  copy_init3.o [3]
__iar_data_init3         0x800'05ed  0x28  Code  Gb  data_init.o [3]
__iar_program_start      0x800'0681        Code  Gb  cstartup_M.o [3]
__low_level_init         0x800'0647   0x4  Code  Gb  low_level_init.o [2]
__vector_table           0x800'0000        Data  Gb  startup_stm32f10x_cl.o [1]
_call_main               0x800'0635        Code  Gb  cmain.o [3]
_exit                    0x800'0651        Code  Gb  cexit.o [3]
_main                    0x800'0643        Code  Gb  cmain.o [3]
exit                     0x800'064b   0x4  Code  Gb  exit.o [2]
main                     0x800'0361  0xb0  Code  Gb  main.o [1]


[1] = C:\Users\Alexandre\Documents\Git_Embedded\STM32f1\Interrupts\EWARM\Debug\Obj
[2] = dl7M_tln.a
[3] = rt7M_tl.a
[4] = shb_l.a

  1 932 bytes of readonly  code memory
     24 bytes of readonly  data memory
  2 052 bytes of readwrite data memory

Errors: none
Warnings: none
