###############################################################################
#
# IAR ELF Linker V8.30.1.114/W32 for ARM                  29/Oct/2018  18:16:34
# Copyright 2007-2018 IAR Systems AB.
#
#    Output file  =  
#        C:\Users\Alexandre\Documents\Git_Embedded\STM32f1\USART\EWARM\Debug\Exe\USART.out
#    Map file     =  
#        C:\Users\Alexandre\Documents\Git_Embedded\STM32f1\USART\EWARM\Debug\List\USART.map
#    Command line =  
#        -f C:\Users\ALEXAN~1\AppData\Local\Temp\EW554A.tmp
#        (C:\Users\Alexandre\Documents\Git_Embedded\STM32f1\USART\EWARM\Debug\Obj\core_cm3.o
#        C:\Users\Alexandre\Documents\Git_Embedded\STM32f1\USART\EWARM\Debug\Obj\main.o
#        C:\Users\Alexandre\Documents\Git_Embedded\STM32f1\USART\EWARM\Debug\Obj\misc.o
#        C:\Users\Alexandre\Documents\Git_Embedded\STM32f1\USART\EWARM\Debug\Obj\startup_stm32f10x_cl.o
#        C:\Users\Alexandre\Documents\Git_Embedded\STM32f1\USART\EWARM\Debug\Obj\stm32f10x_adc.o
#        C:\Users\Alexandre\Documents\Git_Embedded\STM32f1\USART\EWARM\Debug\Obj\stm32f10x_gpio.o
#        C:\Users\Alexandre\Documents\Git_Embedded\STM32f1\USART\EWARM\Debug\Obj\stm32f10x_rcc.o
#        C:\Users\Alexandre\Documents\Git_Embedded\STM32f1\USART\EWARM\Debug\Obj\stm32f10x_usart.o
#        C:\Users\Alexandre\Documents\Git_Embedded\STM32f1\USART\EWARM\Debug\Obj\system_stm32f10x.o
#        --no_out_extension -o
#        C:\Users\Alexandre\Documents\Git_Embedded\STM32f1\USART\EWARM\Debug\Exe\USART.out
#        --redirect _Printf=_PrintfFullNoMb --redirect _Scanf=_ScanfFullNoMb
#        --map
#        C:\Users\Alexandre\Documents\Git_Embedded\STM32f1\USART\EWARM\Debug\List\USART.map
#        --config
#        C:\Users\Alexandre\Documents\Git_Embedded\STM32f1\USART\EWARM/settings/stm32f103x8.icf
#        --semihosting --entry __iar_program_start --vfe --text_out locale)
#
###############################################################################

*******************************************************************************
*** RUNTIME MODEL ATTRIBUTES
***

CppFlavor       = *
__SystemLibrary = DLib
__dlib_version  = 6


*******************************************************************************
*** HEAP SELECTION
***

The basic heap was selected because some modules are built with
size limitations (and not runtime checking), and --advanced_heap
was not specified.


*******************************************************************************
*** PLACEMENT SUMMARY
***

"A0":  place at 0x800'0000 { ro section .intvec };
"P1":  place in [from 0x800'0000 to 0x800'ffff] { ro };
define block CSTACK with size = 2K, alignment = 8 { };
define block HEAP with size = 2K, alignment = 8 { };
"P2":  place in [from 0x2000'0000 to 0x2000'4fff] {
          rw, block CSTACK, block HEAP };
initialize by copy { rw };

  Section            Kind         Address   Size  Object
  -------            ----         -------   ----  ------
"A0":                                      0x150
  .intvec            ro code   0x800'0000  0x150  startup_stm32f10x_cl.o [1]
                             - 0x800'0150  0x150

"P1":                                      0x8bc
  .text              ro code   0x800'0150  0x1c8  main.o [1]
  .text              ro code   0x800'0318   0xe8  stm32f10x_rcc.o [1]
  .text              ro code   0x800'0400   0x70  misc.o [1]
  .text              ro code   0x800'0470   0xc6  stm32f10x_gpio.o [1]
  .text              ro code   0x800'0536   0x3a  zero_init3.o [3]
  .text              ro code   0x800'0570  0x15e  stm32f10x_usart.o [1]
  .text              ro code   0x800'06d0  0x100  system_stm32f10x.o [1]
  .text              ro code   0x800'07d0   0x2c  copy_init3.o [3]
  .text              ro code   0x800'07fc   0x28  data_init.o [3]
  .iar.init_table    const     0x800'0824   0x24  - Linker created -
  .text              ro code   0x800'0848   0x1e  cmain.o [3]
  .text              ro code   0x800'0866    0x4  low_level_init.o [2]
  .text              ro code   0x800'086a    0x4  exit.o [2]
  .text              ro code   0x800'0870    0xa  cexit.o [3]
  .text              ro code   0x800'087c   0x14  exit.o [4]
  .rodata            const     0x800'0890   0x1c  main.o [1]
  .rodata            const     0x800'08ac   0x1c  main.o [1]
  Initializer bytes  const     0x800'08c8   0x14  <for P2-1>
  .text              ro code   0x800'08dc   0x10  startup_stm32f10x_cl.o [1]
  .text              ro code   0x800'08ec    0xc  cstartup_M.o [3]
  .text              ro code   0x800'08f8    0x4  startup_stm32f10x_cl.o [1]
  .text              ro code   0x800'08fc    0x4  startup_stm32f10x_cl.o [1]
  .text              ro code   0x800'0900    0x4  startup_stm32f10x_cl.o [1]
  .text              ro code   0x800'0904    0x4  startup_stm32f10x_cl.o [1]
  .text              ro code   0x800'0908    0x4  startup_stm32f10x_cl.o [1]
  .text              ro code   0x800'090c    0x4  startup_stm32f10x_cl.o [1]
  .text              ro code   0x800'0910    0x4  startup_stm32f10x_cl.o [1]
  .text              ro code   0x800'0914    0x4  startup_stm32f10x_cl.o [1]
  .text              ro code   0x800'0918    0x4  startup_stm32f10x_cl.o [1]
  .text              ro code   0x800'091c    0x4  startup_stm32f10x_cl.o [1]
  .text              ro code   0x800'0920    0x4  startup_stm32f10x_cl.o [1]
  .text              ro code   0x800'0924    0x4  startup_stm32f10x_cl.o [1]
  .text              ro code   0x800'0928    0x4  startup_stm32f10x_cl.o [1]
  .text              ro code   0x800'092c    0x4  startup_stm32f10x_cl.o [1]
  .text              ro code   0x800'0930    0x4  startup_stm32f10x_cl.o [1]
  .text              ro code   0x800'0934    0x4  startup_stm32f10x_cl.o [1]
  .text              ro code   0x800'0938    0x4  startup_stm32f10x_cl.o [1]
  .text              ro code   0x800'093c    0x4  startup_stm32f10x_cl.o [1]
  .text              ro code   0x800'0940    0x4  startup_stm32f10x_cl.o [1]
  .text              ro code   0x800'0944    0x4  startup_stm32f10x_cl.o [1]
  .text              ro code   0x800'0948    0x4  startup_stm32f10x_cl.o [1]
  .text              ro code   0x800'094c    0x4  startup_stm32f10x_cl.o [1]
  .text              ro code   0x800'0950    0x4  startup_stm32f10x_cl.o [1]
  .text              ro code   0x800'0954    0x4  startup_stm32f10x_cl.o [1]
  .text              ro code   0x800'0958    0x4  startup_stm32f10x_cl.o [1]
  .text              ro code   0x800'095c    0x4  startup_stm32f10x_cl.o [1]
  .text              ro code   0x800'0960    0x4  startup_stm32f10x_cl.o [1]
  .text              ro code   0x800'0964    0x4  startup_stm32f10x_cl.o [1]
  .text              ro code   0x800'0968    0x4  startup_stm32f10x_cl.o [1]
  .text              ro code   0x800'096c    0x4  startup_stm32f10x_cl.o [1]
  .text              ro code   0x800'0970    0x4  startup_stm32f10x_cl.o [1]
  .text              ro code   0x800'0974    0x4  startup_stm32f10x_cl.o [1]
  .text              ro code   0x800'0978    0x4  startup_stm32f10x_cl.o [1]
  .text              ro code   0x800'097c    0x4  startup_stm32f10x_cl.o [1]
  .text              ro code   0x800'0980    0x4  startup_stm32f10x_cl.o [1]
  .text              ro code   0x800'0984    0x4  startup_stm32f10x_cl.o [1]
  .text              ro code   0x800'0988    0x4  startup_stm32f10x_cl.o [1]
  .text              ro code   0x800'098c    0x4  startup_stm32f10x_cl.o [1]
  .text              ro code   0x800'0990    0x4  startup_stm32f10x_cl.o [1]
  .text              ro code   0x800'0994    0x4  startup_stm32f10x_cl.o [1]
  .text              ro code   0x800'0998    0x4  startup_stm32f10x_cl.o [1]
  .text              ro code   0x800'099c    0x4  startup_stm32f10x_cl.o [1]
  .text              ro code   0x800'09a0    0x4  startup_stm32f10x_cl.o [1]
  .text              ro code   0x800'09a4    0x4  startup_stm32f10x_cl.o [1]
  .text              ro code   0x800'09a8    0x4  startup_stm32f10x_cl.o [1]
  .text              ro code   0x800'09ac    0x4  startup_stm32f10x_cl.o [1]
  .text              ro code   0x800'09b0    0x4  startup_stm32f10x_cl.o [1]
  .text              ro code   0x800'09b4    0x4  startup_stm32f10x_cl.o [1]
  .text              ro code   0x800'09b8    0x4  startup_stm32f10x_cl.o [1]
  .text              ro code   0x800'09bc    0x4  startup_stm32f10x_cl.o [1]
  .text              ro code   0x800'09c0    0x4  startup_stm32f10x_cl.o [1]
  .text              ro code   0x800'09c4    0x4  startup_stm32f10x_cl.o [1]
  .text              ro code   0x800'09c8    0x4  startup_stm32f10x_cl.o [1]
  .text              ro code   0x800'09cc    0x4  startup_stm32f10x_cl.o [1]
  .text              ro code   0x800'09d0    0x4  startup_stm32f10x_cl.o [1]
  .text              ro code   0x800'09d4    0x4  startup_stm32f10x_cl.o [1]
  .text              ro code   0x800'09d8    0x4  startup_stm32f10x_cl.o [1]
  .text              ro code   0x800'09dc    0x4  startup_stm32f10x_cl.o [1]
  .text              ro code   0x800'09e0    0x4  startup_stm32f10x_cl.o [1]
  .text              ro code   0x800'09e4    0x4  startup_stm32f10x_cl.o [1]
  .text              ro code   0x800'09e8    0x4  startup_stm32f10x_cl.o [1]
  .text              ro code   0x800'09ec    0x4  startup_stm32f10x_cl.o [1]
  .text              ro code   0x800'09f0    0x4  startup_stm32f10x_cl.o [1]
  .text              ro code   0x800'09f4    0x4  startup_stm32f10x_cl.o [1]
  .text              ro code   0x800'09f8    0x4  startup_stm32f10x_cl.o [1]
  .text              ro code   0x800'09fc    0x4  startup_stm32f10x_cl.o [1]
  .text              ro code   0x800'0a00    0x4  startup_stm32f10x_cl.o [1]
  .text              ro code   0x800'0a04    0x4  startup_stm32f10x_cl.o [1]
  .text              ro code   0x800'0a08    0x4  startup_stm32f10x_cl.o [1]
  .rodata            const     0x800'0a0c    0x0  zero_init3.o [3]
  .rodata            const     0x800'0a0c    0x0  copy_init3.o [3]
                             - 0x800'0a0c  0x8bc

"P2", part 1 of 3:                          0x14
  P2-1                        0x2000'0000   0x14  <Init block>
    .data            inited   0x2000'0000   0x10  stm32f10x_rcc.o [1]
    .data            inited   0x2000'0010    0x4  stm32f10x_rcc.o [1]
                            - 0x2000'0014   0x14

"P2", part 2 of 3:                          0x54
  .bss               zero     0x2000'0014   0x50  main.o [1]
  .bss               zero     0x2000'0064    0x1  main.o [1]
  .bss               zero     0x2000'0065    0x1  main.o [1]
  .bss               zero     0x2000'0066    0x1  main.o [1]
                            - 0x2000'0067   0x53

"P2", part 3 of 3:                         0x800
  CSTACK                      0x2000'0068  0x800  <Block>
    CSTACK           uninit   0x2000'0068  0x800  <Block tail>
                            - 0x2000'0868  0x800

Unused ranges:

         From           To    Size
         ----           --    ----
   0x800'0a0c   0x800'ffff  0xf5f4
  0x2000'0868  0x2000'4fff  0x4798


*******************************************************************************
*** INIT TABLE
***

          Address      Size
          -------      ----
Zero (__iar_zero_init3)
    1 destination range, total size 0x53:
          0x2000'0014  0x53

Copy (__iar_copy_init3)
    1 source range, total size 0x14:
           0x800'08c8  0x14
    1 destination range, total size 0x14:
          0x2000'0000  0x14



*******************************************************************************
*** MODULE SUMMARY
***

    Module                  ro code  ro data  rw data
    ------                  -------  -------  -------
command line/config:
    -------------------------------------------------
    Total:

C:\Users\Alexandre\Documents\Git_Embedded\STM32f1\USART\EWARM\Debug\Obj: [1]
    main.o                      456       56       83
    misc.o                      112
    startup_stm32f10x_cl.o      628
    stm32f10x_gpio.o            198
    stm32f10x_rcc.o             232       20       20
    stm32f10x_usart.o           350
    system_stm32f10x.o          256
    -------------------------------------------------
    Total:                    2 232       76      103

dl7M_tln.a: [2]
    exit.o                        4
    low_level_init.o              4
    -------------------------------------------------
    Total:                        8

rt7M_tl.a: [3]
    cexit.o                      10
    cmain.o                      30
    copy_init3.o                 44
    cstartup_M.o                 12
    data_init.o                  40
    zero_init3.o                 58
    -------------------------------------------------
    Total:                      194

shb_l.a: [4]
    exit.o                       20
    -------------------------------------------------
    Total:                       20

    Gaps                          6
    Linker created                        36    2 048
-----------------------------------------------------
    Grand Total:              2 460      112    2 151


*******************************************************************************
*** ENTRY LIST
***

Entry                       Address  Size  Type      Object
-----                       -------  ----  ----      ------
.iar.init_table$$Base    0x800'0824         --   Gb  - Linker created -
.iar.init_table$$Limit   0x800'0848         --   Gb  - Linker created -
?main                    0x800'0849        Code  Gb  cmain.o [3]
ADCPrescTable           0x2000'0010   0x4  Data  Lc  stm32f10x_rcc.o [1]
APBAHBPrescTable        0x2000'0000  0x10  Data  Lc  stm32f10x_rcc.o [1]
CSTACK$$Base            0x2000'0068         --   Gb  - Linker created -
CSTACK$$Limit           0x2000'0868         --   Gb  - Linker created -
GPIO_Init                0x800'0471  0xc0  Code  Gb  stm32f10x_gpio.o [1]
GPIO_ResetBits           0x800'0531   0x6  Code  Gb  stm32f10x_gpio.o [1]
NVIC_Init                0x800'0401  0x60  Code  Gb  misc.o [1]
RCC_APB2PeriphClockCmd   0x800'03c9  0x1c  Code  Gb  stm32f10x_rcc.o [1]
RCC_GetClocksFreq        0x800'0319  0xb0  Code  Gb  stm32f10x_rcc.o [1]
RX_BUF                  0x2000'0014  0x50  Data  Gb  main.o [1]
RX_FLAG_END_LINE        0x2000'0064   0x1  Data  Gb  main.o [1]
RXc                     0x2000'0066   0x1  Data  Gb  main.o [1]
RXi                     0x2000'0065   0x1  Data  Gb  main.o [1]
Region$$Table$$Base      0x800'0824         --   Gb  - Linker created -
Region$$Table$$Limit     0x800'0848         --   Gb  - Linker created -
SetSysClock              0x800'071b   0x8  Code  Lc  system_stm32f10x.o [1]
SetSysClockTo24          0x800'0723  0x90  Code  Lc  system_stm32f10x.o [1]
SystemInit               0x800'06d1  0x4a  Code  Gb  system_stm32f10x.o [1]
USART1_IRQHandler        0x800'0221  0x4a  Code  Gb  main.o [1]
USARTSend                0x800'026b  0x22  Code  Gb  main.o [1]
USART_Cmd                0x800'0635  0x1c  Code  Gb  stm32f10x_usart.o [1]
USART_GetFlagStatus      0x800'06b5  0x1a  Code  Gb  stm32f10x_usart.o [1]
USART_ITConfig           0x800'0651  0x54  Code  Gb  stm32f10x_usart.o [1]
USART_Init               0x800'0571  0xbc  Code  Gb  stm32f10x_usart.o [1]
USART_ReceiveData        0x800'06ad   0x8  Code  Gb  stm32f10x_usart.o [1]
USART_SendData           0x800'06a5   0x8  Code  Gb  stm32f10x_usart.o [1]
__cmain                  0x800'0849        Code  Gb  cmain.o [3]
__exit                   0x800'087d  0x14  Code  Gb  exit.o [4]
__iar_copy_init3         0x800'07d1  0x2c  Code  Gb  copy_init3.o [3]
__iar_data_init3         0x800'07fd  0x28  Code  Gb  data_init.o [3]
__iar_program_start      0x800'08ed        Code  Gb  cstartup_M.o [3]
__iar_zero_init3         0x800'0537  0x3a  Code  Gb  zero_init3.o [3]
__low_level_init         0x800'0867   0x4  Code  Gb  low_level_init.o [2]
__vector_table           0x800'0000        Data  Gb  startup_stm32f10x_cl.o [1]
_call_main               0x800'0855        Code  Gb  cmain.o [3]
_exit                    0x800'0871        Code  Gb  cexit.o [3]
_main                    0x800'0863        Code  Gb  cmain.o [3]
clear_RXBuffer           0x800'0151  0x22  Code  Gb  main.o [1]
exit                     0x800'086b   0x4  Code  Gb  exit.o [2]
main                     0x800'028d  0x60  Code  Gb  main.o [1]
usart_init               0x800'0173  0xae  Code  Gb  main.o [1]


[1] = C:\Users\Alexandre\Documents\Git_Embedded\STM32f1\USART\EWARM\Debug\Obj
[2] = dl7M_tln.a
[3] = rt7M_tl.a
[4] = shb_l.a

  2 460 bytes of readonly  code memory
    112 bytes of readonly  data memory
  2 151 bytes of readwrite data memory

Errors: none
Warnings: none
