###############################################################################
#
# IAR ELF Linker V8.30.1.114/W32 for ARM                  30/Oct/2018  14:46:40
# Copyright 2007-2018 IAR Systems AB.
#
#    Output file  =  
#        C:\Users\Alexandre\Documents\Git_Embedded\STM32f1\USART\EWARM\Debug\Exe\USART.out
#    Map file     =  
#        C:\Users\Alexandre\Documents\Git_Embedded\STM32f1\USART\EWARM\Debug\List\USART.map
#    Command line =  
#        -f C:\Users\ALEXAN~1\AppData\Local\Temp\EW893A.tmp
#        (C:\Users\Alexandre\Documents\Git_Embedded\STM32f1\USART\EWARM\Debug\Obj\core_cm3.o
#        C:\Users\Alexandre\Documents\Git_Embedded\STM32f1\USART\EWARM\Debug\Obj\main.o
#        C:\Users\Alexandre\Documents\Git_Embedded\STM32f1\USART\EWARM\Debug\Obj\misc.o
#        C:\Users\Alexandre\Documents\Git_Embedded\STM32f1\USART\EWARM\Debug\Obj\startup_stm32f10x_cl.o
#        C:\Users\Alexandre\Documents\Git_Embedded\STM32f1\USART\EWARM\Debug\Obj\stm32f10x_adc.o
#        C:\Users\Alexandre\Documents\Git_Embedded\STM32f1\USART\EWARM\Debug\Obj\stm32f10x_gpio.o
#        C:\Users\Alexandre\Documents\Git_Embedded\STM32f1\USART\EWARM\Debug\Obj\stm32f10x_rcc.o
#        C:\Users\Alexandre\Documents\Git_Embedded\STM32f1\USART\EWARM\Debug\Obj\stm32f10x_usart.o
#        C:\Users\Alexandre\Documents\Git_Embedded\STM32f1\USART\EWARM\Debug\Obj\system_stm32f10x.o
#        --no_out_extension -o
#        C:\Users\Alexandre\Documents\Git_Embedded\STM32f1\USART\EWARM\Debug\Exe\USART.out
#        --redirect _Printf=_PrintfFullNoMb --redirect _Scanf=_ScanfFullNoMb
#        --map
#        C:\Users\Alexandre\Documents\Git_Embedded\STM32f1\USART\EWARM\Debug\List\USART.map
#        --config
#        C:\Users\Alexandre\Documents\Git_Embedded\STM32f1\USART\EWARM/settings/stm32f103x8.icf
#        --semihosting --entry __iar_program_start --vfe --text_out locale)
#
###############################################################################

*******************************************************************************
*** RUNTIME MODEL ATTRIBUTES
***

CppFlavor       = *
__SystemLibrary = DLib
__dlib_version  = 6


*******************************************************************************
*** HEAP SELECTION
***

The basic heap was selected because some modules are built with
size limitations (and not runtime checking), and --advanced_heap
was not specified.


*******************************************************************************
*** PLACEMENT SUMMARY
***

"A0":  place at 0x800'0000 { ro section .intvec };
"P1":  place in [from 0x800'0000 to 0x800'ffff] { ro };
define block CSTACK with size = 2K, alignment = 8 { };
define block HEAP with size = 2K, alignment = 8 { };
"P2":  place in [from 0x2000'0000 to 0x2000'4fff] {
          rw, block CSTACK, block HEAP };
initialize by copy { rw };

  Section            Kind         Address   Size  Object
  -------            ----         -------   ----  ------
"A0":                                      0x150
  .intvec            ro code   0x800'0000  0x150  startup_stm32f10x_cl.o [1]
                             - 0x800'0150  0x150

"P1":                                      0x8e4
  .text              ro code   0x800'0150  0x1f4  main.o [1]
  .text              ro code   0x800'0344  0x108  stm32f10x_rcc.o [1]
  .text              ro code   0x800'044c   0x70  misc.o [1]
  .text              ro code   0x800'04bc   0xc0  stm32f10x_gpio.o [1]
  .text              ro code   0x800'057c  0x15e  stm32f10x_usart.o [1]
  .text              ro code   0x800'06da   0x3a  zero_init3.o [3]
  .text              ro code   0x800'0714  0x100  system_stm32f10x.o [1]
  .text              ro code   0x800'0814   0x2c  copy_init3.o [3]
  .text              ro code   0x800'0840   0x28  data_init.o [3]
  .iar.init_table    const     0x800'0868   0x24  - Linker created -
  .text              ro code   0x800'088c   0x1e  cmain.o [3]
  .text              ro code   0x800'08aa    0x4  low_level_init.o [2]
  .text              ro code   0x800'08ae    0x4  exit.o [2]
  .text              ro code   0x800'08b4    0xa  cexit.o [3]
  .text              ro code   0x800'08c0   0x14  exit.o [4]
  .rodata            const     0x800'08d4   0x1c  main.o [1]
  Initializer bytes  const     0x800'08f0   0x14  <for P2-1>
  .text              ro code   0x800'0904   0x10  startup_stm32f10x_cl.o [1]
  .text              ro code   0x800'0914    0xc  cstartup_M.o [3]
  .text              ro code   0x800'0920    0x4  startup_stm32f10x_cl.o [1]
  .text              ro code   0x800'0924    0x4  startup_stm32f10x_cl.o [1]
  .text              ro code   0x800'0928    0x4  startup_stm32f10x_cl.o [1]
  .text              ro code   0x800'092c    0x4  startup_stm32f10x_cl.o [1]
  .text              ro code   0x800'0930    0x4  startup_stm32f10x_cl.o [1]
  .text              ro code   0x800'0934    0x4  startup_stm32f10x_cl.o [1]
  .text              ro code   0x800'0938    0x4  startup_stm32f10x_cl.o [1]
  .text              ro code   0x800'093c    0x4  startup_stm32f10x_cl.o [1]
  .text              ro code   0x800'0940    0x4  startup_stm32f10x_cl.o [1]
  .text              ro code   0x800'0944    0x4  startup_stm32f10x_cl.o [1]
  .text              ro code   0x800'0948    0x4  startup_stm32f10x_cl.o [1]
  .text              ro code   0x800'094c    0x4  startup_stm32f10x_cl.o [1]
  .text              ro code   0x800'0950    0x4  startup_stm32f10x_cl.o [1]
  .text              ro code   0x800'0954    0x4  startup_stm32f10x_cl.o [1]
  .text              ro code   0x800'0958    0x4  startup_stm32f10x_cl.o [1]
  .text              ro code   0x800'095c    0x4  startup_stm32f10x_cl.o [1]
  .text              ro code   0x800'0960    0x4  startup_stm32f10x_cl.o [1]
  .text              ro code   0x800'0964    0x4  startup_stm32f10x_cl.o [1]
  .text              ro code   0x800'0968    0x4  startup_stm32f10x_cl.o [1]
  .text              ro code   0x800'096c    0x4  startup_stm32f10x_cl.o [1]
  .text              ro code   0x800'0970    0x4  startup_stm32f10x_cl.o [1]
  .text              ro code   0x800'0974    0x4  startup_stm32f10x_cl.o [1]
  .text              ro code   0x800'0978    0x4  startup_stm32f10x_cl.o [1]
  .text              ro code   0x800'097c    0x4  startup_stm32f10x_cl.o [1]
  .text              ro code   0x800'0980    0x4  startup_stm32f10x_cl.o [1]
  .text              ro code   0x800'0984    0x4  startup_stm32f10x_cl.o [1]
  .text              ro code   0x800'0988    0x4  startup_stm32f10x_cl.o [1]
  .text              ro code   0x800'098c    0x4  startup_stm32f10x_cl.o [1]
  .text              ro code   0x800'0990    0x4  startup_stm32f10x_cl.o [1]
  .text              ro code   0x800'0994    0x4  startup_stm32f10x_cl.o [1]
  .text              ro code   0x800'0998    0x4  startup_stm32f10x_cl.o [1]
  .text              ro code   0x800'099c    0x4  startup_stm32f10x_cl.o [1]
  .text              ro code   0x800'09a0    0x4  startup_stm32f10x_cl.o [1]
  .text              ro code   0x800'09a4    0x4  startup_stm32f10x_cl.o [1]
  .text              ro code   0x800'09a8    0x4  startup_stm32f10x_cl.o [1]
  .text              ro code   0x800'09ac    0x4  startup_stm32f10x_cl.o [1]
  .text              ro code   0x800'09b0    0x4  startup_stm32f10x_cl.o [1]
  .text              ro code   0x800'09b4    0x4  startup_stm32f10x_cl.o [1]
  .text              ro code   0x800'09b8    0x4  startup_stm32f10x_cl.o [1]
  .text              ro code   0x800'09bc    0x4  startup_stm32f10x_cl.o [1]
  .text              ro code   0x800'09c0    0x4  startup_stm32f10x_cl.o [1]
  .text              ro code   0x800'09c4    0x4  startup_stm32f10x_cl.o [1]
  .text              ro code   0x800'09c8    0x4  startup_stm32f10x_cl.o [1]
  .text              ro code   0x800'09cc    0x4  startup_stm32f10x_cl.o [1]
  .text              ro code   0x800'09d0    0x4  startup_stm32f10x_cl.o [1]
  .text              ro code   0x800'09d4    0x4  startup_stm32f10x_cl.o [1]
  .text              ro code   0x800'09d8    0x4  startup_stm32f10x_cl.o [1]
  .text              ro code   0x800'09dc    0x4  startup_stm32f10x_cl.o [1]
  .text              ro code   0x800'09e0    0x4  startup_stm32f10x_cl.o [1]
  .text              ro code   0x800'09e4    0x4  startup_stm32f10x_cl.o [1]
  .text              ro code   0x800'09e8    0x4  startup_stm32f10x_cl.o [1]
  .text              ro code   0x800'09ec    0x4  startup_stm32f10x_cl.o [1]
  .text              ro code   0x800'09f0    0x4  startup_stm32f10x_cl.o [1]
  .text              ro code   0x800'09f4    0x4  startup_stm32f10x_cl.o [1]
  .text              ro code   0x800'09f8    0x4  startup_stm32f10x_cl.o [1]
  .text              ro code   0x800'09fc    0x4  startup_stm32f10x_cl.o [1]
  .text              ro code   0x800'0a00    0x4  startup_stm32f10x_cl.o [1]
  .text              ro code   0x800'0a04    0x4  startup_stm32f10x_cl.o [1]
  .text              ro code   0x800'0a08    0x4  startup_stm32f10x_cl.o [1]
  .text              ro code   0x800'0a0c    0x4  startup_stm32f10x_cl.o [1]
  .text              ro code   0x800'0a10    0x4  startup_stm32f10x_cl.o [1]
  .text              ro code   0x800'0a14    0x4  startup_stm32f10x_cl.o [1]
  .text              ro code   0x800'0a18    0x4  startup_stm32f10x_cl.o [1]
  .text              ro code   0x800'0a1c    0x4  startup_stm32f10x_cl.o [1]
  .text              ro code   0x800'0a20    0x4  startup_stm32f10x_cl.o [1]
  .text              ro code   0x800'0a24    0x4  startup_stm32f10x_cl.o [1]
  .text              ro code   0x800'0a28    0x4  startup_stm32f10x_cl.o [1]
  .text              ro code   0x800'0a2c    0x4  startup_stm32f10x_cl.o [1]
  .text              ro code   0x800'0a30    0x4  startup_stm32f10x_cl.o [1]
  .rodata            const     0x800'0a34    0x0  zero_init3.o [3]
  .rodata            const     0x800'0a34    0x0  copy_init3.o [3]
                             - 0x800'0a34  0x8e4

"P2", part 1 of 3:                          0x14
  P2-1                        0x2000'0000   0x14  <Init block>
    .data            inited   0x2000'0000   0x10  stm32f10x_rcc.o [1]
    .data            inited   0x2000'0010    0x4  stm32f10x_rcc.o [1]
                            - 0x2000'0014   0x14

"P2", part 2 of 3:                          0x54
  .bss               zero     0x2000'0014   0x50  main.o [1]
  .bss               zero     0x2000'0064    0x1  main.o [1]
  .bss               zero     0x2000'0065    0x1  main.o [1]
  .bss               zero     0x2000'0066    0x1  main.o [1]
                            - 0x2000'0067   0x53

"P2", part 3 of 3:                         0x800
  CSTACK                      0x2000'0068  0x800  <Block>
    CSTACK           uninit   0x2000'0068  0x800  <Block tail>
                            - 0x2000'0868  0x800

Unused ranges:

         From           To    Size
         ----           --    ----
   0x800'0a34   0x800'ffff  0xf5cc
  0x2000'0868  0x2000'4fff  0x4798


*******************************************************************************
*** INIT TABLE
***

          Address      Size
          -------      ----
Zero (__iar_zero_init3)
    1 destination range, total size 0x53:
          0x2000'0014  0x53

Copy (__iar_copy_init3)
    1 source range, total size 0x14:
           0x800'08f0  0x14
    1 destination range, total size 0x14:
          0x2000'0000  0x14



*******************************************************************************
*** MODULE SUMMARY
***

    Module                  ro code  ro data  rw data
    ------                  -------  -------  -------
command line/config:
    -------------------------------------------------
    Total:

C:\Users\Alexandre\Documents\Git_Embedded\STM32f1\USART\EWARM\Debug\Obj: [1]
    main.o                      500       28       83
    misc.o                      112
    startup_stm32f10x_cl.o      628
    stm32f10x_gpio.o            192
    stm32f10x_rcc.o             264       20       20
    stm32f10x_usart.o           350
    system_stm32f10x.o          256
    -------------------------------------------------
    Total:                    2 302       48      103

dl7M_tln.a: [2]
    exit.o                        4
    low_level_init.o              4
    -------------------------------------------------
    Total:                        8

rt7M_tl.a: [3]
    cexit.o                      10
    cmain.o                      30
    copy_init3.o                 44
    cstartup_M.o                 12
    data_init.o                  40
    zero_init3.o                 58
    -------------------------------------------------
    Total:                      194

shb_l.a: [4]
    exit.o                       20
    -------------------------------------------------
    Total:                       20

    Gaps                          4
    Linker created                        36    2 048
-----------------------------------------------------
    Grand Total:              2 528       84    2 151


*******************************************************************************
*** ENTRY LIST
***

Entry                       Address   Size  Type      Object
-----                       -------   ----  ----      ------
.iar.init_table$$Base    0x800'0868          --   Gb  - Linker created -
.iar.init_table$$Limit   0x800'088c          --   Gb  - Linker created -
?main                    0x800'088d         Code  Gb  cmain.o [3]
ADCPrescTable           0x2000'0010    0x4  Data  Lc  stm32f10x_rcc.o [1]
APBAHBPrescTable        0x2000'0000   0x10  Data  Lc  stm32f10x_rcc.o [1]
CSTACK$$Base            0x2000'0068          --   Gb  - Linker created -
CSTACK$$Limit           0x2000'0868          --   Gb  - Linker created -
GPIO_Init                0x800'04bd   0xc0  Code  Gb  stm32f10x_gpio.o [1]
NVIC_Init                0x800'044d   0x60  Code  Gb  misc.o [1]
RCC_APB1PeriphClockCmd   0x800'0411   0x1c  Code  Gb  stm32f10x_rcc.o [1]
RCC_APB2PeriphClockCmd   0x800'03f5   0x1c  Code  Gb  stm32f10x_rcc.o [1]
RCC_GetClocksFreq        0x800'0345   0xb0  Code  Gb  stm32f10x_rcc.o [1]
RX_BUF                  0x2000'0014   0x50  Data  Gb  main.o [1]
RX_FLAG_END_LINE        0x2000'0064    0x1  Data  Gb  main.o [1]
RXc                     0x2000'0066    0x1  Data  Gb  main.o [1]
RXi                     0x2000'0065    0x1  Data  Gb  main.o [1]
Region$$Table$$Base      0x800'0868          --   Gb  - Linker created -
Region$$Table$$Limit     0x800'088c          --   Gb  - Linker created -
SetSysClock              0x800'075f    0x8  Code  Lc  system_stm32f10x.o [1]
SetSysClockTo24          0x800'0767   0x90  Code  Lc  system_stm32f10x.o [1]
SystemInit               0x800'0715   0x4a  Code  Gb  system_stm32f10x.o [1]
USART1_IRQHandler        0x800'0295   0x4a  Code  Gb  main.o [1]
USARTSend                0x800'02df   0x22  Code  Gb  main.o [1]
USART_Cmd                0x800'0641   0x1c  Code  Gb  stm32f10x_usart.o [1]
USART_GetFlagStatus      0x800'06c1   0x1a  Code  Gb  stm32f10x_usart.o [1]
USART_ITConfig           0x800'065d   0x54  Code  Gb  stm32f10x_usart.o [1]
USART_Init               0x800'057d   0xbc  Code  Gb  stm32f10x_usart.o [1]
USART_ReceiveData        0x800'06b9    0x8  Code  Gb  stm32f10x_usart.o [1]
USART_SendData           0x800'06b1    0x8  Code  Gb  stm32f10x_usart.o [1]
__cmain                  0x800'088d         Code  Gb  cmain.o [3]
__exit                   0x800'08c1   0x14  Code  Gb  exit.o [4]
__iar_copy_init3         0x800'0815   0x2c  Code  Gb  copy_init3.o [3]
__iar_data_init3         0x800'0841   0x28  Code  Gb  data_init.o [3]
__iar_program_start      0x800'0915         Code  Gb  cstartup_M.o [3]
__iar_zero_init3         0x800'06db   0x3a  Code  Gb  zero_init3.o [3]
__low_level_init         0x800'08ab    0x4  Code  Gb  low_level_init.o [2]
__vector_table           0x800'0000         Data  Gb  startup_stm32f10x_cl.o [1]
_call_main               0x800'0899         Code  Gb  cmain.o [3]
_exit                    0x800'08b5         Code  Gb  cexit.o [3]
_main                    0x800'08a7         Code  Gb  cmain.o [3]
clear_RXBuffer           0x800'0151   0x22  Code  Gb  main.o [1]
exit                     0x800'08af    0x4  Code  Gb  exit.o [2]
main                     0x800'0301   0x1a  Code  Gb  main.o [1]
usart_init               0x800'0173  0x122  Code  Gb  main.o [1]


[1] = C:\Users\Alexandre\Documents\Git_Embedded\STM32f1\USART\EWARM\Debug\Obj
[2] = dl7M_tln.a
[3] = rt7M_tl.a
[4] = shb_l.a

  2 528 bytes of readonly  code memory
     84 bytes of readonly  data memory
  2 151 bytes of readwrite data memory

Errors: none
Warnings: none
