###############################################################################
#
# IAR ELF Linker V8.30.1.114/W32 for ARM                  14/Oct/2018  14:10:07
# Copyright 2007-2018 IAR Systems AB.
#
#    Output file  =  
#        C:\Users\Alexandre\Documents\Git_Embedded\STM32f1\Temperature_Sensor\EWARM\Debug\Exe\temperature.out
#    Map file     =  
#        C:\Users\Alexandre\Documents\Git_Embedded\STM32f1\Temperature_Sensor\EWARM\Debug\List\temperature.map
#    Command line =  
#        -f C:\Users\ALEXAN~1\AppData\Local\Temp\EW363F.tmp
#        (C:\Users\Alexandre\Documents\Git_Embedded\STM32f1\Temperature_Sensor\EWARM\Debug\Obj\core_cm3.o
#        C:\Users\Alexandre\Documents\Git_Embedded\STM32f1\Temperature_Sensor\EWARM\Debug\Obj\main.o
#        C:\Users\Alexandre\Documents\Git_Embedded\STM32f1\Temperature_Sensor\EWARM\Debug\Obj\misc.o
#        C:\Users\Alexandre\Documents\Git_Embedded\STM32f1\Temperature_Sensor\EWARM\Debug\Obj\startup_stm32f10x_cl.o
#        C:\Users\Alexandre\Documents\Git_Embedded\STM32f1\Temperature_Sensor\EWARM\Debug\Obj\stm32f10x_adc.o
#        C:\Users\Alexandre\Documents\Git_Embedded\STM32f1\Temperature_Sensor\EWARM\Debug\Obj\stm32f10x_gpio.o
#        C:\Users\Alexandre\Documents\Git_Embedded\STM32f1\Temperature_Sensor\EWARM\Debug\Obj\stm32f10x_rcc.o
#        C:\Users\Alexandre\Documents\Git_Embedded\STM32f1\Temperature_Sensor\EWARM\Debug\Obj\stm32f10x_usart.o
#        C:\Users\Alexandre\Documents\Git_Embedded\STM32f1\Temperature_Sensor\EWARM\Debug\Obj\system_stm32f10x.o
#        --no_out_extension -o
#        C:\Users\Alexandre\Documents\Git_Embedded\STM32f1\Temperature_Sensor\EWARM\Debug\Exe\temperature.out
#        --redirect _Printf=_PrintfFullNoMb --redirect _Scanf=_ScanfFullNoMb
#        --map
#        C:\Users\Alexandre\Documents\Git_Embedded\STM32f1\Temperature_Sensor\EWARM\Debug\List\temperature.map
#        --config
#        C:\Users\Alexandre\Documents\Git_Embedded\STM32f1\Temperature_Sensor\EWARM/settings/stm32f103x8.icf
#        --semihosting --entry __iar_program_start --vfe --text_out locale)
#
###############################################################################

*******************************************************************************
*** RUNTIME MODEL ATTRIBUTES
***

CppFlavor       = *
__SystemLibrary = DLib
__dlib_version  = 6


*******************************************************************************
*** HEAP SELECTION
***

The basic heap was selected because some modules are built with
size limitations (and not runtime checking), and --advanced_heap
was not specified.


*******************************************************************************
*** PLACEMENT SUMMARY
***

"A0":  place at 0x800'0000 { ro section .intvec };
"P1":  place in [from 0x800'0000 to 0x800'ffff] { ro };
define block CSTACK with size = 2K, alignment = 8 { };
define block HEAP with size = 2K, alignment = 8 { };
"P2":  place in [from 0x2000'0000 to 0x2000'4fff] {
          rw, block CSTACK, block HEAP };
initialize by copy { rw };

  Section            Kind         Address    Size  Object
  -------            ----         -------    ----  ------
"A0":                                       0x150
  .intvec            ro code   0x800'0000   0x150  startup_stm32f10x_cl.o [1]
                             - 0x800'0150   0x150

"P1":                                      0x2690
  .text              ro code   0x800'0150   0xe26  xprintffull_nomb.o [2]
  .text              ro code   0x800'0f76     0xa  xsprout.o [2]
  .text              ro code   0x800'0f80    0x16  strchr.o [4]
  .text              ro code   0x800'0f98    0x40  xfail_s.o [2]
  .text              ro code   0x800'0fd8    0x36  strlen.o [4]
  .text              ro code   0x800'1010    0x58  memchr.o [4]
  .text              ro code   0x800'1068   0x230  I64DivMod.o [4]
  .text              ro code   0x800'1298   0x1a2  DblMul.o [3]
  .text              ro code   0x800'143c    0xa6  ABImemcpy.o [4]
  .text              ro code   0x800'14e4    0x70  frexp.o [3]
  .text              ro code   0x800'1554    0x2e  DblCmpLe.o [3]
  .text              ro code   0x800'1584    0x2e  DblCmpGe.o [3]
  .text              ro code   0x800'15b4   0x13a  ldexp.o [3]
  .text              ro code   0x800'16f0    0x3a  DblToS32.o [3]
  .text              ro code   0x800'172c    0x22  S32ToDbl.o [3]
  .text              ro code   0x800'1750    0xe2  DblSub.o [3]
  .text              ro code   0x800'1834   0x246  DblDiv.o [3]
  .text              ro code   0x800'1a7c    0x28  DblToU32.o [3]
  .text              ro code   0x800'1aa4    0x1a  U32ToDbl.o [3]
  .text              ro code   0x800'1abe     0x6  abort.o [2]
  .text              ro code   0x800'1ac4     0x2  I64DivZer.o [4]
  .text              ro code   0x800'1ac8   0x16a  DblAdd.o [3]
  .text              ro code   0x800'1c34    0x14  exit.o [5]
  .text              ro code   0x800'1c48   0x270  stm32f10x_rcc.o [1]
  .text              ro code   0x800'1eb8   0x1fc  main.o [1]
  .text              ro code   0x800'20b4    0x70  misc.o [1]
  .text              ro code   0x800'2124    0xc0  stm32f10x_gpio.o [1]
  .text              ro code   0x800'21e4   0x102  stm32f10x_usart.o [1]
  .text              ro code   0x800'22e8     0x6  ABImemclr4.o [4]
  .text              ro code   0x800'22f0   0x18c  stm32f10x_adc.o [1]
  .text              ro code   0x800'247c    0x40  sprintf.o [2]
  .text              ro code   0x800'24bc    0x32  ABImemset48.o [4]
  .text              ro code   0x800'24f0   0x100  system_stm32f10x.o [1]
  .text              ro code   0x800'25f0    0x2c  copy_init3.o [4]
  .text              ro code   0x800'261c    0x28  data_init.o [4]
  .iar.init_table    const     0x800'2644    0x14  - Linker created -
  .text              ro code   0x800'2658    0x1e  cmain.o [4]
  .text              ro code   0x800'2676     0x4  low_level_init.o [2]
  .text              ro code   0x800'267a     0x4  exit.o [2]
  .text              ro code   0x800'2680     0xa  cexit.o [4]
  Initializer bytes  const     0x800'268c    0x18  <for P2-1>
  .text              ro code   0x800'26a4    0x10  startup_stm32f10x_cl.o [1]
  .text              ro code   0x800'26b4     0xc  cstartup_M.o [4]
  .rodata            const     0x800'26c0     0x8  main.o [1]
  .text              ro code   0x800'26c8     0x4  startup_stm32f10x_cl.o [1]
  .text              ro code   0x800'26cc     0x4  startup_stm32f10x_cl.o [1]
  .text              ro code   0x800'26d0     0x4  startup_stm32f10x_cl.o [1]
  .text              ro code   0x800'26d4     0x4  startup_stm32f10x_cl.o [1]
  .text              ro code   0x800'26d8     0x4  startup_stm32f10x_cl.o [1]
  .text              ro code   0x800'26dc     0x4  startup_stm32f10x_cl.o [1]
  .text              ro code   0x800'26e0     0x4  startup_stm32f10x_cl.o [1]
  .text              ro code   0x800'26e4     0x4  startup_stm32f10x_cl.o [1]
  .text              ro code   0x800'26e8     0x4  startup_stm32f10x_cl.o [1]
  .text              ro code   0x800'26ec     0x4  startup_stm32f10x_cl.o [1]
  .text              ro code   0x800'26f0     0x4  startup_stm32f10x_cl.o [1]
  .text              ro code   0x800'26f4     0x4  startup_stm32f10x_cl.o [1]
  .text              ro code   0x800'26f8     0x4  startup_stm32f10x_cl.o [1]
  .text              ro code   0x800'26fc     0x4  startup_stm32f10x_cl.o [1]
  .text              ro code   0x800'2700     0x4  startup_stm32f10x_cl.o [1]
  .text              ro code   0x800'2704     0x4  startup_stm32f10x_cl.o [1]
  .text              ro code   0x800'2708     0x4  startup_stm32f10x_cl.o [1]
  .text              ro code   0x800'270c     0x4  startup_stm32f10x_cl.o [1]
  .text              ro code   0x800'2710     0x4  startup_stm32f10x_cl.o [1]
  .text              ro code   0x800'2714     0x4  startup_stm32f10x_cl.o [1]
  .text              ro code   0x800'2718     0x4  startup_stm32f10x_cl.o [1]
  .text              ro code   0x800'271c     0x4  startup_stm32f10x_cl.o [1]
  .text              ro code   0x800'2720     0x4  startup_stm32f10x_cl.o [1]
  .text              ro code   0x800'2724     0x4  startup_stm32f10x_cl.o [1]
  .text              ro code   0x800'2728     0x4  startup_stm32f10x_cl.o [1]
  .text              ro code   0x800'272c     0x4  startup_stm32f10x_cl.o [1]
  .text              ro code   0x800'2730     0x4  startup_stm32f10x_cl.o [1]
  .text              ro code   0x800'2734     0x4  startup_stm32f10x_cl.o [1]
  .text              ro code   0x800'2738     0x4  startup_stm32f10x_cl.o [1]
  .text              ro code   0x800'273c     0x4  startup_stm32f10x_cl.o [1]
  .text              ro code   0x800'2740     0x4  startup_stm32f10x_cl.o [1]
  .text              ro code   0x800'2744     0x4  startup_stm32f10x_cl.o [1]
  .text              ro code   0x800'2748     0x4  startup_stm32f10x_cl.o [1]
  .text              ro code   0x800'274c     0x4  startup_stm32f10x_cl.o [1]
  .text              ro code   0x800'2750     0x4  startup_stm32f10x_cl.o [1]
  .text              ro code   0x800'2754     0x4  startup_stm32f10x_cl.o [1]
  .text              ro code   0x800'2758     0x4  startup_stm32f10x_cl.o [1]
  .text              ro code   0x800'275c     0x4  startup_stm32f10x_cl.o [1]
  .text              ro code   0x800'2760     0x4  startup_stm32f10x_cl.o [1]
  .text              ro code   0x800'2764     0x4  startup_stm32f10x_cl.o [1]
  .text              ro code   0x800'2768     0x4  startup_stm32f10x_cl.o [1]
  .text              ro code   0x800'276c     0x4  startup_stm32f10x_cl.o [1]
  .text              ro code   0x800'2770     0x4  startup_stm32f10x_cl.o [1]
  .text              ro code   0x800'2774     0x4  startup_stm32f10x_cl.o [1]
  .text              ro code   0x800'2778     0x4  startup_stm32f10x_cl.o [1]
  .text              ro code   0x800'277c     0x4  startup_stm32f10x_cl.o [1]
  .text              ro code   0x800'2780     0x4  startup_stm32f10x_cl.o [1]
  .text              ro code   0x800'2784     0x4  startup_stm32f10x_cl.o [1]
  .text              ro code   0x800'2788     0x4  startup_stm32f10x_cl.o [1]
  .text              ro code   0x800'278c     0x4  startup_stm32f10x_cl.o [1]
  .text              ro code   0x800'2790     0x4  startup_stm32f10x_cl.o [1]
  .text              ro code   0x800'2794     0x4  startup_stm32f10x_cl.o [1]
  .text              ro code   0x800'2798     0x4  startup_stm32f10x_cl.o [1]
  .text              ro code   0x800'279c     0x4  startup_stm32f10x_cl.o [1]
  .text              ro code   0x800'27a0     0x4  startup_stm32f10x_cl.o [1]
  .text              ro code   0x800'27a4     0x4  startup_stm32f10x_cl.o [1]
  .text              ro code   0x800'27a8     0x4  startup_stm32f10x_cl.o [1]
  .text              ro code   0x800'27ac     0x4  startup_stm32f10x_cl.o [1]
  .text              ro code   0x800'27b0     0x4  startup_stm32f10x_cl.o [1]
  .text              ro code   0x800'27b4     0x4  startup_stm32f10x_cl.o [1]
  .text              ro code   0x800'27b8     0x4  startup_stm32f10x_cl.o [1]
  .text              ro code   0x800'27bc     0x4  startup_stm32f10x_cl.o [1]
  .text              ro code   0x800'27c0     0x4  startup_stm32f10x_cl.o [1]
  .text              ro code   0x800'27c4     0x4  startup_stm32f10x_cl.o [1]
  .text              ro code   0x800'27c8     0x4  startup_stm32f10x_cl.o [1]
  .text              ro code   0x800'27cc     0x4  startup_stm32f10x_cl.o [1]
  .text              ro code   0x800'27d0     0x4  startup_stm32f10x_cl.o [1]
  .text              ro code   0x800'27d4     0x4  startup_stm32f10x_cl.o [1]
  .text              ro code   0x800'27d8     0x4  startup_stm32f10x_cl.o [1]
  .text              ro code   0x800'27dc     0x4  startup_stm32f10x_cl.o [1]
  .rodata            const     0x800'27e0     0x0  copy_init3.o [4]
                             - 0x800'27e0  0x2690

"P2", part 1 of 2:                           0x18
  P2-1                        0x2000'0000    0x18  <Init block>
    .data            inited   0x2000'0000    0x10  stm32f10x_rcc.o [1]
    .data            inited   0x2000'0010     0x4  stm32f10x_rcc.o [1]
    .bss             inited   0x2000'0014     0x4  xfail_s.o [2]
                            - 0x2000'0018    0x18

"P2", part 2 of 2:                          0x800
  CSTACK                      0x2000'0018   0x800  <Block>
    CSTACK           uninit   0x2000'0018   0x800  <Block tail>
                            - 0x2000'0818   0x800

Unused ranges:

         From           To    Size
         ----           --    ----
   0x800'27e0   0x800'ffff  0xd820
  0x2000'0818  0x2000'4fff  0x47e8


*******************************************************************************
*** INIT TABLE
***

          Address      Size
          -------      ----
Copy (__iar_copy_init3)
    1 source range, total size 0x18:
           0x800'268c  0x18
    1 destination range, total size 0x18:
          0x2000'0000  0x18



*******************************************************************************
*** MODULE SUMMARY
***

    Module                  ro code  ro data  rw data
    ------                  -------  -------  -------
command line/config:
    -------------------------------------------------
    Total:

C:\Users\Alexandre\Documents\Git_Embedded\STM32f1\Temperature_Sensor\EWARM\Debug\Obj: [1]
    main.o                      508        8
    misc.o                      112
    startup_stm32f10x_cl.o      632
    stm32f10x_adc.o             396
    stm32f10x_gpio.o            192
    stm32f10x_rcc.o             624       20       20
    stm32f10x_usart.o           258
    system_stm32f10x.o          256
    -------------------------------------------------
    Total:                    2 978       28       20

dl7M_tln.a: [2]
    abort.o                       6
    exit.o                        4
    low_level_init.o              4
    sprintf.o                    64
    xfail_s.o                    64        4        4
    xprintffull_nomb.o        3 622
    xsprout.o                    10
    -------------------------------------------------
    Total:                    3 774        4        4

m7M_tl.a: [3]
    DblAdd.o                    362
    DblCmpGe.o                   46
    DblCmpLe.o                   46
    DblDiv.o                    582
    DblMul.o                    418
    DblSub.o                    226
    DblToS32.o                   58
    DblToU32.o                   40
    S32ToDbl.o                   34
    U32ToDbl.o                   26
    frexp.o                     112
    ldexp.o                     314
    -------------------------------------------------
    Total:                    2 264

rt7M_tl.a: [4]
    ABImemclr4.o                  6
    ABImemcpy.o                 166
    ABImemset48.o                50
    I64DivMod.o                 560
    I64DivZer.o                   2
    cexit.o                      10
    cmain.o                      30
    copy_init3.o                 44
    cstartup_M.o                 12
    data_init.o                  40
    memchr.o                     88
    strchr.o                     22
    strlen.o                     54
    -------------------------------------------------
    Total:                    1 084

shb_l.a: [5]
    exit.o                       20
    -------------------------------------------------
    Total:                       20

    Gaps                         34
    Linker created                        22    2 048
-----------------------------------------------------
    Grand Total:             10 154       54    2 072


*******************************************************************************
*** ENTRY LIST
***

Entry                       Address   Size  Type      Object
-----                       -------   ----  ----      ------
.iar.init_table$$Base    0x800'2644          --   Gb  - Linker created -
.iar.init_table$$Limit   0x800'2658          --   Gb  - Linker created -
?main                    0x800'2659         Code  Gb  cmain.o [4]
ADCPrescTable           0x2000'0010    0x4  Data  Lc  stm32f10x_rcc.o [1]
ADC_Cmd                  0x800'233b   0x1a  Code  Gb  stm32f10x_adc.o [1]
ADC_GetCalibrationStatus
                         0x800'237b   0x12  Code  Gb  stm32f10x_adc.o [1]
ADC_GetConversionValue   0x800'246d    0x6  Code  Gb  stm32f10x_adc.o [1]
ADC_GetResetCalibrationStatus
                         0x800'235f   0x12  Code  Gb  stm32f10x_adc.o [1]
ADC_Init                 0x800'22f1   0x4a  Code  Gb  stm32f10x_adc.o [1]
ADC_RegularChannelConfig
                         0x800'23a7   0xc6  Code  Gb  stm32f10x_adc.o [1]
ADC_ResetCalibration     0x800'2355    0xa  Code  Gb  stm32f10x_adc.o [1]
ADC_SoftwareStartConvCmd
                         0x800'238d   0x1a  Code  Gb  stm32f10x_adc.o [1]
ADC_StartCalibration     0x800'2371    0xa  Code  Gb  stm32f10x_adc.o [1]
APBAHBPrescTable        0x2000'0000   0x10  Data  Lc  stm32f10x_rcc.o [1]
CSTACK$$Base            0x2000'0018          --   Gb  - Linker created -
CSTACK$$Limit           0x2000'0818          --   Gb  - Linker created -
GPIO_Init                0x800'2125   0xc0  Code  Gb  stm32f10x_gpio.o [1]
LoadInt                  0x800'02ff   0x7a  Code  Lc  xprintffull_nomb.o [2]
NVIC_Init                0x800'20b5   0x60  Code  Gb  misc.o [1]
RCC_ADCCLKConfig         0x800'1d67   0x10  Code  Gb  stm32f10x_rcc.o [1]
RCC_APB2PeriphClockCmd   0x800'1e27   0x1c  Code  Gb  stm32f10x_rcc.o [1]
RCC_DeInit               0x800'1c49   0x48  Code  Gb  stm32f10x_rcc.o [1]
RCC_GetClocksFreq        0x800'1d77   0xb0  Code  Gb  stm32f10x_rcc.o [1]
RCC_GetFlagStatus        0x800'1e43   0x3c  Code  Gb  stm32f10x_rcc.o [1]
RCC_GetSYSCLKSource      0x800'1d2b    0xa  Code  Gb  stm32f10x_rcc.o [1]
RCC_HCLKConfig           0x800'1d35   0x10  Code  Gb  stm32f10x_rcc.o [1]
RCC_HSEConfig            0x800'1c91   0x38  Code  Gb  stm32f10x_rcc.o [1]
RCC_PCLK1Config          0x800'1d45   0x10  Code  Gb  stm32f10x_rcc.o [1]
RCC_PCLK2Config          0x800'1d55   0x12  Code  Gb  stm32f10x_rcc.o [1]
RCC_PLLCmd               0x800'1d13    0x8  Code  Gb  stm32f10x_rcc.o [1]
RCC_PLLConfig            0x800'1d01   0x12  Code  Gb  stm32f10x_rcc.o [1]
RCC_SYSCLKConfig         0x800'1d1b   0x10  Code  Gb  stm32f10x_rcc.o [1]
RCC_WaitForHSEStartUp    0x800'1cc9   0x38  Code  Gb  stm32f10x_rcc.o [1]
Region$$Table$$Base      0x800'2644          --   Gb  - Linker created -
Region$$Table$$Limit     0x800'2658          --   Gb  - Linker created -
SetSysClock              0x800'253b    0x8  Code  Lc  system_stm32f10x.o [1]
SetSysClockTo24          0x800'2543   0x90  Code  Lc  system_stm32f10x.o [1]
SetSysClockTo72          0x800'1f7f   0x5a  Code  Gb  main.o [1]
SystemInit               0x800'24f1   0x4a  Code  Gb  system_stm32f10x.o [1]
USARTSend                0x800'1f53   0x2c  Code  Gb  main.o [1]
USART_Cmd                0x800'22a9   0x1c  Code  Gb  stm32f10x_usart.o [1]
USART_GetFlagStatus      0x800'22cd   0x1a  Code  Gb  stm32f10x_usart.o [1]
USART_Init               0x800'21e5   0xbc  Code  Gb  stm32f10x_usart.o [1]
USART_SendData           0x800'22c5    0x8  Code  Gb  stm32f10x_usart.o [1]
_GenldFullNoMb           0x800'0c75  0x274  Code  Lc  xprintffull_nomb.o [2]
_LdtobFullNoMb           0x800'0849  0x400  Code  Lc  xprintffull_nomb.o [2]
_LitobFullNoMb           0x800'06f1  0x112  Code  Lc  xprintffull_nomb.o [2]
_PrintfFullNoMb          0x800'0151  0x19e  Code  Gb  xprintffull_nomb.o [2]
_PutcharsFullNoMb        0x800'0ee9   0x2e  Code  Lc  xprintffull_nomb.o [2]
_PutfldFullNoMb          0x800'0379  0x26c  Code  Lc  xprintffull_nomb.o [2]
_PuttxtFullNoMb          0x800'05e5  0x10c  Code  Lc  xprintffull_nomb.o [2]
_SProut                  0x800'0f77    0xa  Code  Gb  xsprout.o [2]
__aeabi_cdcmple          0x800'1555         Code  Gb  DblCmpLe.o [3]
__aeabi_cdrcmple         0x800'1585         Code  Gb  DblCmpGe.o [3]
__aeabi_d2iz             0x800'16f1         Code  Gb  DblToS32.o [3]
__aeabi_d2uiz            0x800'1a7d         Code  Gb  DblToU32.o [3]
__aeabi_ddiv             0x800'1835         Code  Gb  DblDiv.o [3]
__aeabi_dmul             0x800'1299         Code  Gb  DblMul.o [3]
__aeabi_dsub             0x800'1751         Code  Gb  DblSub.o [3]
__aeabi_i2d              0x800'172d         Code  Gb  S32ToDbl.o [3]
__aeabi_ldiv0            0x800'1ac5         Code  Gb  I64DivZer.o [4]
__aeabi_memclr4          0x800'22e9         Code  Gb  ABImemclr4.o [4]
__aeabi_memcpy           0x800'143d         Code  Gb  ABImemcpy.o [4]
__aeabi_memcpy4          0x800'145d         Code  Gb  ABImemcpy.o [4]
__aeabi_memcpy8          0x800'145d         Code  Gb  ABImemcpy.o [4]
__aeabi_ui2d             0x800'1aa5         Code  Gb  U32ToDbl.o [3]
__aeabi_uldivmod         0x800'1069         Code  Gb  I64DivMod.o [4]
__cmain                  0x800'2659         Code  Gb  cmain.o [4]
__exit                   0x800'1c35   0x14  Code  Gb  exit.o [5]
__iar_Fail_s             0x800'0f99   0x1c  Code  Gb  xfail_s.o [2]
__iar_Memchr             0x800'1011         Code  Gb  memchr.o [4]
__iar_Memset4_word       0x800'24bd         Code  Gb  ABImemset48.o [4]
__iar_Memset8_word       0x800'24bd         Code  Gb  ABImemset48.o [4]
__iar_Strchr             0x800'0f81         Code  Gb  strchr.o [4]
__iar_copy_init3         0x800'25f1   0x2c  Code  Gb  copy_init3.o [4]
__iar_dadd               0x800'1761         Code  Gb  DblSub.o [3]
__iar_data_init3         0x800'261d   0x28  Code  Gb  data_init.o [4]
__iar_dsub               0x800'1ac9         Code  Gb  DblAdd.o [3]
__iar_dsubStart          0x800'1adb         Code  Gb  DblAdd.o [3]
__iar_frexp              0x800'14f1         Code  Gb  frexp.o [3]
__iar_frexp64            0x800'14e5         Code  Gb  frexp.o [3]
__iar_frexpl             0x800'14f1         Code  Gb  frexp.o [3]
__iar_ldexp64            0x800'15b5         Code  Gb  ldexp.o [3]
__iar_program_start      0x800'26b5         Code  Gb  cstartup_M.o [4]
__iar_scalbln64          0x800'15b5         Code  Gb  ldexp.o [3]
__iar_scalbn64           0x800'15b5         Code  Gb  ldexp.o [3]
__low_level_init         0x800'2677    0x4  Code  Gb  low_level_init.o [2]
__vector_table           0x800'0000         Data  Gb  startup_stm32f10x_cl.o [1]
_call_main               0x800'2665         Code  Gb  cmain.o [4]
_exit                    0x800'2681         Code  Gb  cexit.o [4]
_main                    0x800'2673         Code  Gb  cmain.o [4]
abort                    0x800'1abf    0x6  Code  Gb  abort.o [2]
exit                     0x800'267b    0x4  Code  Gb  exit.o [2]
frexp                    0x800'14e5         Code  Gb  frexp.o [3]
frexpl                   0x800'14e5         Code  Gb  frexp.o [3]
ldexp                    0x800'15b5         Code  Gb  ldexp.o [3]
ldexpl                   0x800'15b5         Code  Gb  ldexp.o [3]
main                     0x800'1fd9   0xca  Code  Gb  main.o [1]
memchr                   0x800'1011         Code  Gb  memchr.o [4]
scalbln                  0x800'15b5         Code  Gb  ldexp.o [3]
scalblnl                 0x800'15b5         Code  Gb  ldexp.o [3]
scalbn                   0x800'15b5         Code  Gb  ldexp.o [3]
scalbnl                  0x800'15b5         Code  Gb  ldexp.o [3]
scale                    0x800'0803   0x46  Code  Lc  xprintffull_nomb.o [2]
sec_hand                0x2000'0014    0x4  Data  Lc  xfail_s.o [2]
sprintf                  0x800'247d   0x40  Code  Gb  sprintf.o [2]
strchr                   0x800'0f81         Code  Gb  strchr.o [4]
strlen                   0x800'0fd9         Code  Gb  strlen.o [4]
usart_init               0x800'1eb9   0x9a  Code  Gb  main.o [1]


[1] = C:\Users\Alexandre\Documents\Git_Embedded\STM32f1\Temperature_Sensor\EWARM\Debug\Obj
[2] = dl7M_tln.a
[3] = m7M_tl.a
[4] = rt7M_tl.a
[5] = shb_l.a

  10 154 bytes of readonly  code memory
      54 bytes of readonly  data memory
   2 072 bytes of readwrite data memory

Errors: none
Warnings: none
